                     Note	Do you want to save your changes? : &Yes
                  Warning	Desired Speed Decision 960 is located only 19.196 m upstream of the first connector.	Network object type: Desired Speed Decision	Network object keys: 960
                  Warning	Desired Speed Decision 961 is located only 0.784 m upstream of the first connector.	Network object type: Desired Speed Decision	Network object keys: 961
                  Warning	Desired Speed Decision 962 is located only 53.887 m upstream of the first connector.	Network object type: Desired Speed Decision	Network object keys: 962
                  Warning	Desired Speed Decision 964 is located only 42.725 m upstream of the first connector.	Network object type: Desired Speed Decision	Network object keys: 964
                  Warning	Desired Speed Decision 967 is located only 42.725 m upstream of the first connector.	Network object type: Desired Speed Decision	Network object keys: 967
                  Warning	Desired Speed Decision 969 is located only 46.570 m upstream of the first connector.	Network object type: Desired Speed Decision	Network object keys: 969
                  Warning	Desired Speed Decision 972 is located only 39.799 m upstream of the first connector.	Network object type: Desired Speed Decision	Network object keys: 972
                  Warning	Desired Speed Decision 991 is located only 40.194 m upstream of the first connector.	Network object type: Desired Speed Decision	Network object keys: 991
                  Warning	Desired Speed Decision 994 is located only 41.019 m upstream of the first connector.	Network object type: Desired Speed Decision	Network object keys: 994
                  Warning	Desired Speed Decision 998 is located only 1.386 m upstream of the first connector.	Network object type: Desired Speed Decision	Network object keys: 998
                  Warning	Desired Speed Decision 999 is located only 7.635 m upstream of the first connector.	Network object type: Desired Speed Decision	Network object keys: 999
                  Warning	Desired Speed Decision 1000 is located only 36.306 m upstream of the first connector.	Network object type: Desired Speed Decision	Network object keys: 1000
                  Warning	Desired Speed Decision 1002 is located only 1.386 m upstream of the first connector.	Network object type: Desired Speed Decision	Network object keys: 1002
                  Warning	Desired Speed Decision 1005 is located only 39.103 m upstream of the first connector.	Network object type: Desired Speed Decision	Network object keys: 1005
                  Warning	Desired Speed Decision 1006 is located only 36.473 m upstream of the first connector.	Network object type: Desired Speed Decision	Network object keys: 1006
                  Warning	Desired Speed Decision 1008 is located only 52.855 m upstream of the first connector.	Network object type: Desired Speed Decision	Network object keys: 1008
                  Warning	Desired Speed Decision 1013 is located only 37.352 m upstream of the first connector.	Network object type: Desired Speed Decision	Network object keys: 1013
                  Warning	Desired Speed Decision 1014 is located only 35.168 m upstream of the first connector.	Network object type: Desired Speed Decision	Network object keys: 1014
                  Warning	Desired Speed Decision 1017 is located only 32.260 m upstream of the first connector.	Network object type: Desired Speed Decision	Network object keys: 1017
                  Warning	Desired Speed Decision 1048 is located only 21.347 m upstream of the first connector.	Network object type: Desired Speed Decision	Network object keys: 1048
                  Warning	Desired Speed Decision 1049 is located only 21.347 m upstream of the first connector.	Network object type: Desired Speed Decision	Network object keys: 1049
                  Warning	Desired Speed Decision 1051 is located only 41.125 m upstream of the first connector.	Network object type: Desired Speed Decision	Network object keys: 1051
                  Warning	Desired Speed Decision 1057 is located only 41.125 m upstream of the first connector.	Network object type: Desired Speed Decision	Network object keys: 1057
                  Warning	Desired Speed Decision 1078 is located only 14.936 m upstream of the first connector.	Network object type: Desired Speed Decision	Network object keys: 1078
                  Warning	Desired Speed Decision 1085 is located only 23.120 m upstream of the first connector.	Network object type: Desired Speed Decision	Network object keys: 1085
                  Warning	Desired Speed Decision 1086 is located only 40.077 m upstream of the first connector.	Network object type: Desired Speed Decision	Network object keys: 1086
                  Warning	Desired Speed Decision 1087 is located only 40.077 m upstream of the first connector.	Network object type: Desired Speed Decision	Network object keys: 1087
                  Warning	Desired Speed Decision 1089 is located only 23.120 m upstream of the first connector.	Network object type: Desired Speed Decision	Network object keys: 1089
                  Warning	Desired Speed Decision 1115 is located only 44.784 m upstream of the first connector.	Network object type: Desired Speed Decision	Network object keys: 1115
                  Warning	Desired Speed Decision 1117 is located only 7.218 m upstream of the first connector.	Network object type: Desired Speed Decision	Network object keys: 1117
                  Warning	Desired Speed Decision 1121 is located only 26.327 m upstream of the first connector.	Network object type: Desired Speed Decision	Network object keys: 1121
                  Warning	Desired Speed Decision 1123 is located only 17.594 m upstream of the first connector.	Network object type: Desired Speed Decision	Network object keys: 1123
                  Warning	Desired Speed Decision 1125 is located only 23.671 m upstream of the first connector.	Network object type: Desired Speed Decision	Network object keys: 1125
                  Warning	Desired Speed Decision 1130 is located only 41.432 m upstream of the first connector.	Network object type: Desired Speed Decision	Network object keys: 1130
                  Warning	Desired Speed Decision 1134 is located only 10.114 m upstream of the first connector.	Network object type: Desired Speed Decision	Network object keys: 1134
                  Warning	Desired Speed Decision 1136 is located only 11.770 m upstream of the first connector.	Network object type: Desired Speed Decision	Network object keys: 1136
                  Warning	Desired Speed Decision 1140 is located only 49.993 m upstream of the first connector.	Network object type: Desired Speed Decision	Network object keys: 1140
                  Warning	Desired Speed Decision 1142 is located only 54.263 m upstream of the first connector.	Network object type: Desired Speed Decision	Network object keys: 1142
                  Warning	Desired Speed Decision 1147 is located only 54.263 m upstream of the first connector.	Network object type: Desired Speed Decision	Network object keys: 1147
                  Warning	Desired Speed Decision 1161 is located only 17.664 m upstream of the first connector.	Network object type: Desired Speed Decision	Network object keys: 1161
                  Warning	Desired Speed Decision 1162 is located only 17.664 m upstream of the first connector.	Network object type: Desired Speed Decision	Network object keys: 1162
                  Warning	Desired Speed Decision 1177 is located only 8.776 m upstream of the first connector.	Network object type: Desired Speed Decision	Network object keys: 1177
                  Warning	Desired Speed Decision 1178 is located only 8.776 m upstream of the first connector.	Network object type: Desired Speed Decision	Network object keys: 1178
                  Warning	Desired Speed Decision 1179 is located only 8.776 m upstream of the first connector.	Network object type: Desired Speed Decision	Network object keys: 1179
                  Warning	Desired Speed Decision 1188 is located only 52.848 m upstream of the first connector.	Network object type: Desired Speed Decision	Network object keys: 1188
                  Warning	Desired Speed Decision 1189 is located only 52.848 m upstream of the first connector.	Network object type: Desired Speed Decision	Network object keys: 1189
                  Warning	Desired Speed Decision 1192 is located only 12.818 m upstream of the first connector.	Network object type: Desired Speed Decision	Network object keys: 1192
                  Warning	Desired Speed Decision 1193 is located only 25.722 m upstream of the first connector.	Network object type: Desired Speed Decision	Network object keys: 1193
                  Warning	Desired Speed Decision 1242 is located only 24.404 m upstream of the first connector.	Network object type: Desired Speed Decision	Network object keys: 1242
                  Warning	Desired Speed Decision 1243 is located only 31.529 m upstream of the first connector.	Network object type: Desired Speed Decision	Network object keys: 1243
                  Warning	Desired Speed Decision 1277 is located only 48.240 m upstream of the first connector.	Network object type: Desired Speed Decision	Network object keys: 1277
                  Warning	Desired Speed Decision 1278 is located only 48.240 m upstream of the first connector.	Network object type: Desired Speed Decision	Network object keys: 1278
                  Warning	Desired Speed Decision 1288 is located only 50.708 m upstream of the first connector.	Network object type: Desired Speed Decision	Network object keys: 1288
                  Warning	Desired Speed Decision 1292 is located only 7.766 m upstream of the first connector.	Network object type: Desired Speed Decision	Network object keys: 1292
                  Warning	Desired Speed Decision 1293 is located only 9.909 m upstream of the first connector.	Network object type: Desired Speed Decision	Network object keys: 1293
                  Warning	Desired Speed Decision 1294 is located only 6.600 m upstream of the first connector.	Network object type: Desired Speed Decision	Network object keys: 1294
                  Warning	Desired Speed Decision 1296 is located only 44.744 m upstream of the first connector.	Network object type: Desired Speed Decision	Network object keys: 1296
                  Warning	Desired Speed Decision 1301 is located only 7.492 m upstream of the first connector.	Network object type: Desired Speed Decision	Network object keys: 1301
                  Warning	Desired Speed Decision 1304 is located only 20.495 m upstream of the first connector.	Network object type: Desired Speed Decision	Network object keys: 1304
                  Warning	Desired Speed Decision 1308 is located only 38.287 m upstream of the first connector.	Network object type: Desired Speed Decision	Network object keys: 1308
                  Warning	Desired Speed Decision 1310 is located only 11.699 m upstream of the first connector.	Network object type: Desired Speed Decision	Network object keys: 1310
                  Warning	Desired Speed Decision 1316 is located only 22.646 m upstream of the first connector.	Network object type: Desired Speed Decision	Network object keys: 1316
                  Warning	Desired Speed Decision 1318 is located only 26.556 m upstream of the first connector.	Network object type: Desired Speed Decision	Network object keys: 1318
                  Warning	Desired Speed Decision 1324 is located only 23.681 m upstream of the first connector.	Network object type: Desired Speed Decision	Network object keys: 1324
                  Warning	Desired Speed Decision 1327 is located only 23.416 m upstream of the first connector.	Network object type: Desired Speed Decision	Network object keys: 1327
                  Warning	Desired Speed Decision 1330 is located only 32.304 m upstream of the first connector.	Network object type: Desired Speed Decision	Network object keys: 1330
                  Warning	Desired Speed Decision 1332 is located only 30.227 m upstream of the first connector.	Network object type: Desired Speed Decision	Network object keys: 1332
                  Warning	Desired Speed Decision 1334 is located only 19.516 m upstream of the first connector.	Network object type: Desired Speed Decision	Network object keys: 1334
                  Warning	Desired Speed Decision 1336 is located only 30.599 m upstream of the first connector.	Network object type: Desired Speed Decision	Network object keys: 1336
                  Warning	Desired Speed Decision 1342 is located only 19.516 m upstream of the first connector.	Network object type: Desired Speed Decision	Network object keys: 1342
                  Warning	Desired Speed Decision 1343 is located only 19.516 m upstream of the first connector.	Network object type: Desired Speed Decision	Network object keys: 1343
                  Warning	Desired Speed Decision 1344 is located only 19.516 m upstream of the first connector.	Network object type: Desired Speed Decision	Network object keys: 1344
                  Warning	Desired Speed Decision 1346 is located only 9.845 m upstream of the first connector.	Network object type: Desired Speed Decision	Network object keys: 1346
                  Warning	Desired Speed Decision 1350 is located only 9.845 m upstream of the first connector.	Network object type: Desired Speed Decision	Network object keys: 1350
                  Warning	Desired Speed Decision 1351 is located only 9.845 m upstream of the first connector.	Network object type: Desired Speed Decision	Network object keys: 1351
                  Warning	Desired Speed Decision 1352 is located only 9.845 m upstream of the first connector.	Network object type: Desired Speed Decision	Network object keys: 1352
                  Warning	Desired Speed Decision 1363 is located only 3.913 m upstream of the first connector.	Network object type: Desired Speed Decision	Network object keys: 1363
                  Warning	Desired Speed Decision 1365 is located only 9.113 m upstream of the first connector.	Network object type: Desired Speed Decision	Network object keys: 1365
                  Warning	Desired Speed Decision 1366 is located only 9.113 m upstream of the first connector.	Network object type: Desired Speed Decision	Network object keys: 1366
                  Warning	Desired Speed Decision 1367 is located only 9.113 m upstream of the first connector.	Network object type: Desired Speed Decision	Network object keys: 1367
                  Warning	Desired Speed Decision 1368 is located only 9.113 m upstream of the first connector.	Network object type: Desired Speed Decision	Network object keys: 1368
                  Warning	Desired Speed Decision 1373 is located only 3.913 m upstream of the first connector.	Network object type: Desired Speed Decision	Network object keys: 1373
                  Warning	Desired Speed Decision 1374 is located only 3.913 m upstream of the first connector.	Network object type: Desired Speed Decision	Network object keys: 1374
                  Warning	Desired Speed Decision 1375 is located only 3.913 m upstream of the first connector.	Network object type: Desired Speed Decision	Network object keys: 1375
                  Warning	Desired Speed Decision 1377 is located only 19.516 m upstream of the first connector.	Network object type: Desired Speed Decision	Network object keys: 1377
                  Warning	Desired Speed Decision 1384 is located only 5.649 m upstream of the first connector.	Network object type: Desired Speed Decision	Network object keys: 1384
                  Warning	Desired Speed Decision 1394 is located only 4.780 m upstream of the first connector.	Network object type: Desired Speed Decision	Network object keys: 1394
                  Warning	Desired Speed Decision 1396 is located only 0.047 m upstream of the first connector.	Network object type: Desired Speed Decision	Network object keys: 1396
                  Warning	Desired Speed Decision 1400 is located only 7.210 m upstream of the first connector.	Network object type: Desired Speed Decision	Network object keys: 1400
                  Warning	Desired Speed Decision 1406 is located only 7.210 m upstream of the first connector.	Network object type: Desired Speed Decision	Network object keys: 1406
                  Warning	Desired Speed Decision 1429 is located only 25.697 m upstream of the first connector.	Network object type: Desired Speed Decision	Network object keys: 1429
                  Warning	Desired Speed Decision 1434 is located only 54.847 m upstream of the first connector.	Network object type: Desired Speed Decision	Network object keys: 1434
                  Warning	Desired Speed Decision 1435 is located only 27.660 m upstream of the first connector.	Network object type: Desired Speed Decision	Network object keys: 1435
                  Warning	Desired Speed Decision 1438 is located only 54.847 m upstream of the first connector.	Network object type: Desired Speed Decision	Network object keys: 1438
                  Warning	Desired Speed Decision 1439 is located only 39.866 m upstream of the first connector.	Network object type: Desired Speed Decision	Network object keys: 1439
                  Warning	Desired Speed Decision 1442 is located only 39.866 m upstream of the first connector.	Network object type: Desired Speed Decision	Network object keys: 1442
                  Warning	Desired Speed Decision 1450 is located only 44.760 m upstream of the first connector.	Network object type: Desired Speed Decision	Network object keys: 1450
                  Warning	Desired Speed Decision 1451 is located only 44.760 m upstream of the first connector.	Network object type: Desired Speed Decision	Network object keys: 1451
                  Warning	Desired Speed Decision 1454 is located only 29.362 m upstream of the first connector.	Network object type: Desired Speed Decision	Network object keys: 1454
                  Warning	Desired Speed Decision 1455 is located only 29.362 m upstream of the first connector.	Network object type: Desired Speed Decision	Network object keys: 1455
                  Warning	Desired Speed Decision 1460 is located only 17.129 m upstream of the first connector.	Network object type: Desired Speed Decision	Network object keys: 1460
                  Warning	Desired Speed Decision 1462 is located only 17.770 m upstream of the first connector.	Network object type: Desired Speed Decision	Network object keys: 1462
                  Warning	Desired Speed Decision 1464 is located only 19.306 m upstream of the first connector.	Network object type: Desired Speed Decision	Network object keys: 1464
                  Warning	Desired Speed Decision 1466 is located only 15.106 m upstream of the first connector.	Network object type: Desired Speed Decision	Network object keys: 1466
                  Warning	Desired Speed Decision 1471 is located only 22.557 m upstream of the first connector.	Network object type: Desired Speed Decision	Network object keys: 1471
                  Warning	Desired Speed Decision 1473 is located only 35.089 m upstream of the first connector.	Network object type: Desired Speed Decision	Network object keys: 1473
                  Warning	Desired Speed Decision 1475 is located only 39.136 m upstream of the first connector.	Network object type: Desired Speed Decision	Network object keys: 1475
                  Warning	Desired Speed Decision 1482 is located only 17.828 m upstream of the first connector.	Network object type: Desired Speed Decision	Network object keys: 1482
                  Warning	Desired Speed Decision 1486 is located only 15.689 m upstream of the first connector.	Network object type: Desired Speed Decision	Network object keys: 1486
                  Warning	Desired Speed Decision 1494 is located only 8.506 m upstream of the first connector.	Network object type: Desired Speed Decision	Network object keys: 1494
                  Warning	Desired Speed Decision 1496 is located only 41.099 m upstream of the first connector.	Network object type: Desired Speed Decision	Network object keys: 1496
                  Warning	Desired Speed Decision 1499 is located only 4.969 m upstream of the first connector.	Network object type: Desired Speed Decision	Network object keys: 1499
                  Warning	Desired Speed Decision 1501 is located only 43.681 m upstream of the first connector.	Network object type: Desired Speed Decision	Network object keys: 1501
                  Warning	Desired Speed Decision 1507 is located only 37.296 m upstream of the first connector.	Network object type: Desired Speed Decision	Network object keys: 1507
                  Warning	Desired Speed Decision 1512 is located only 6.647 m upstream of the first connector.	Network object type: Desired Speed Decision	Network object keys: 1512
                  Warning	Desired Speed Decision 1516 is located only 40.529 m upstream of the first connector.	Network object type: Desired Speed Decision	Network object keys: 1516
                  Warning	Desired Speed Decision 1522 is located only 27.788 m upstream of the first connector.	Network object type: Desired Speed Decision	Network object keys: 1522
                  Warning	Desired Speed Decision 1523 is located only 29.492 m upstream of the first connector.	Network object type: Desired Speed Decision	Network object keys: 1523
                  Warning	Desired Speed Decision 1525 is located only 34.107 m upstream of the first connector.	Network object type: Desired Speed Decision	Network object keys: 1525
                  Warning	Desired Speed Decision 1527 is located only 18.656 m upstream of the first connector.	Network object type: Desired Speed Decision	Network object keys: 1527
                  Warning	Desired Speed Decision 1529 is located only 7.782 m upstream of the first connector.	Network object type: Desired Speed Decision	Network object keys: 1529
                  Warning	Desired Speed Decision 1531 is located only 20.454 m upstream of the first connector.	Network object type: Desired Speed Decision	Network object keys: 1531
                  Warning	Desired Speed Decision 1533 is located only 33.775 m upstream of the first connector.	Network object type: Desired Speed Decision	Network object keys: 1533
                  Warning	Desired Speed Decision 1537 is located only 14.160 m upstream of the first connector.	Network object type: Desired Speed Decision	Network object keys: 1537
                  Warning	Desired Speed Decision 1545 is located only 51.395 m upstream of the first connector.	Network object type: Desired Speed Decision	Network object keys: 1545
                  Warning	Desired Speed Decision 1547 is located only 18.220 m upstream of the first connector.	Network object type: Desired Speed Decision	Network object keys: 1547
                  Warning	Desired Speed Decision 1549 is located only 27.806 m upstream of the first connector.	Network object type: Desired Speed Decision	Network object keys: 1549
                  Warning	Desired Speed Decision 1551 is located only 12.639 m upstream of the first connector.	Network object type: Desired Speed Decision	Network object keys: 1551
                  Warning	Desired Speed Decision 1553 is located only 29.860 m upstream of the first connector.	Network object type: Desired Speed Decision	Network object keys: 1553
                  Warning	Desired Speed Decision 1555 is located only 36.065 m upstream of the first connector.	Network object type: Desired Speed Decision	Network object keys: 1555
                  Warning	Desired Speed Decision 1557 is located only 41.504 m upstream of the first connector.	Network object type: Desired Speed Decision	Network object keys: 1557
                  Warning	Desired Speed Decision 1559 is located only 11.411 m upstream of the first connector.	Network object type: Desired Speed Decision	Network object keys: 1559
                  Warning	Desired Speed Decision 1563 is located only 24.232 m upstream of the first connector.	Network object type: Desired Speed Decision	Network object keys: 1563
                  Warning	Desired Speed Decision 1565 is located only 11.983 m upstream of the first connector.	Network object type: Desired Speed Decision	Network object keys: 1565
                  Warning	Desired Speed Decision 1567 is located only 19.452 m upstream of the first connector.	Network object type: Desired Speed Decision	Network object keys: 1567
                  Warning	Desired Speed Decision 1569 is located only 51.732 m upstream of the first connector.	Network object type: Desired Speed Decision	Network object keys: 1569
                  Warning	Desired Speed Decision 1574 is located only 15.062 m upstream of the first connector.	Network object type: Desired Speed Decision	Network object keys: 1574
                  Warning	Desired Speed Decision 1578 is located only 4.673 m upstream of the first connector.	Network object type: Desired Speed Decision	Network object keys: 1578
                  Warning	Desired Speed Decision 1581 is located only 13.744 m upstream of the first connector.	Network object type: Desired Speed Decision	Network object keys: 1581
                  Warning	Desired Speed Decision 1587 is located only 21.702 m upstream of the first connector.	Network object type: Desired Speed Decision	Network object keys: 1587
                  Warning	Desired Speed Decision 1588 is located only 19.427 m upstream of the first connector.	Network object type: Desired Speed Decision	Network object keys: 1588
                  Warning	Desired Speed Decision 1590 is located only 15.426 m upstream of the first connector.	Network object type: Desired Speed Decision	Network object keys: 1590
                  Warning	Desired Speed Decision 1592 is located only 28.083 m upstream of the first connector.	Network object type: Desired Speed Decision	Network object keys: 1592
                  Warning	Desired Speed Decision 1594 is located only 53.894 m upstream of the first connector.	Network object type: Desired Speed Decision	Network object keys: 1594
                  Warning	Desired Speed Decision 1604 is located only 42.521 m upstream of the first connector.	Network object type: Desired Speed Decision	Network object keys: 1604
                  Warning	Desired Speed Decision 1606 is located only 42.521 m upstream of the first connector.	Network object type: Desired Speed Decision	Network object keys: 1606
                  Warning	Desired Speed Decision 1607 is located only 41.099 m upstream of the first connector.	Network object type: Desired Speed Decision	Network object keys: 1607
                  Warning	Desired Speed Decision 1614 is located only 21.976 m upstream of the first connector.	Network object type: Desired Speed Decision	Network object keys: 1614
                  Warning	Desired Speed Decision 1616 is located only 17.141 m upstream of the first connector.	Network object type: Desired Speed Decision	Network object keys: 1616
                  Warning	Desired Speed Decision 1619 is located only 30.133 m upstream of the first connector.	Network object type: Desired Speed Decision	Network object keys: 1619
                  Warning	Desired Speed Decision 1620 is located only 24.145 m upstream of the first connector.	Network object type: Desired Speed Decision	Network object keys: 1620
                  Warning	Desired Speed Decision 1636 is located only 2.714 m upstream of the first connector.	Network object type: Desired Speed Decision	Network object keys: 1636
                  Warning	Desired Speed Decision 1639 is located only 16.957 m upstream of the first connector.	Network object type: Desired Speed Decision	Network object keys: 1639
                  Warning	Desired Speed Decision 1643 is located only 26.723 m upstream of the first connector.	Network object type: Desired Speed Decision	Network object keys: 1643
                  Warning	Desired Speed Decision 1646 is located only 15.835 m upstream of the first connector.	Network object type: Desired Speed Decision	Network object keys: 1646
                  Warning	Desired Speed Decision 1648 is located only 48.400 m upstream of the first connector.	Network object type: Desired Speed Decision	Network object keys: 1648
                  Warning	Desired Speed Decision 1649 is located only 30.729 m upstream of the first connector.	Network object type: Desired Speed Decision	Network object keys: 1649
                  Warning	Desired Speed Decision 1650 is located only 44.288 m upstream of the first connector.	Network object type: Desired Speed Decision	Network object keys: 1650
                  Warning	Desired Speed Decision 1654 is located only 33.844 m upstream of the first connector.	Network object type: Desired Speed Decision	Network object keys: 1654
                  Warning	Desired Speed Decision 1663 is located only 26.358 m upstream of the first connector.	Network object type: Desired Speed Decision	Network object keys: 1663
                  Warning	Desired Speed Decision 1665 is located only 5.499 m upstream of the first connector.	Network object type: Desired Speed Decision	Network object keys: 1665
                  Warning	Desired Speed Decision 1667 is located only 27.351 m upstream of the first connector.	Network object type: Desired Speed Decision	Network object keys: 1667
                  Warning	Desired Speed Decision 1671 is located only 12.455 m upstream of the first connector.	Network object type: Desired Speed Decision	Network object keys: 1671
                  Warning	Desired Speed Decision 1673 is located only 5.951 m upstream of the first connector.	Network object type: Desired Speed Decision	Network object keys: 1673
                  Warning	Desired Speed Decision 1676 is located only 0.415 m upstream of the first connector.	Network object type: Desired Speed Decision	Network object keys: 1676
                  Warning	Parking Routing Decision 1: Porto de Pesca 1 is located only 18.823 m upstream of the first connector.	Network object type: Parking Routing Decision	Network object keys: 1
                  Warning	Parking Routing Decision 3: Porto de Pesca 3 is located only 28.185 m upstream of the first connector.	Network object type: Parking Routing Decision	Network object keys: 3
                  Warning	Parking Routing Decision 4: TNorte is located only 5.546 m upstream of the first connector.	Network object type: Parking Routing Decision	Network object keys: 4
                  Warning	Parking Routing Decision 6: TNorteb is located only 13.223 m upstream of the first connector.	Network object type: Parking Routing Decision	Network object keys: 6
                  Warning	Parking Routing Decision 7: TGL 1 is located only 21.574 m upstream of the first connector.	Network object type: Parking Routing Decision	Network object keys: 7
                  Warning	Parking Routing Decision 8: TGL 2 is located only 14.475 m upstream of the first connector.	Network object type: Parking Routing Decision	Network object keys: 8
                  Warning	Parking Routing Decision 9: TGL 3 is located only 5.000 m upstream of the first connector.	Network object type: Parking Routing Decision	Network object keys: 9
                  Warning	Parking Routing Decision 10: TGL 4 is located only 9.762 m upstream of the first connector.	Network object type: Parking Routing Decision	Network object keys: 10
                  Warning	Parking Routing Decision 11: Multipurpose 1 is located only 2.708 m upstream of the first connector.	Network object type: Parking Routing Decision	Network object keys: 11
                  Warning	Parking Routing Decision 12: Multipurpose 2 is located only 1.893 m upstream of the first connector.	Network object type: Parking Routing Decision	Network object keys: 12
                  Warning	Parking Routing Decision 17: Porto Pesca 2 is located only 9.987 m upstream of the first connector.	Network object type: Parking Routing Decision	Network object keys: 17
                  Warning	Parking Routing Decision 18: TRo-ro1 is located only 4.732 m upstream of the first connector.	Network object type: Parking Routing Decision	Network object keys: 18
                  Warning	Static Vehicle Routing Decision 2: Roundabout Ferry - South Approach is located only 27.066 m upstream of the first connector.	Network object type: Static Vehicle Routing Decision	Network object keys: 2
                  Warning	Static Vehicle Routing Decision 3: Roundabout Terminal Nort - North Approach is located only 8.448 m upstream of the first connector.	Network object type: Static Vehicle Routing Decision	Network object keys: 3
                  Warning	Static Vehicle Routing Decision 4: Roundabout Terminal Nort - South Approach LDV is located only 5.804 m upstream of the first connector.	Network object type: Static Vehicle Routing Decision	Network object keys: 4
                  Warning	Static Vehicle Routing Decision 5: Roundabout Terminal Nort - South Approach LDV Port is located only 5.207 m upstream of the first connector.	Network object type: Static Vehicle Routing Decision	Network object keys: 5
                  Warning	Static Vehicle Routing Decision 6: Roundabout Terminal Nort - South Approach HDV Port is located only 5.207 m upstream of the first connector.	Network object type: Static Vehicle Routing Decision	Network object keys: 6
                  Warning	Static Vehicle Routing Decision 7: Roundabout Terminal Nort - East Approach is located only 2.782 m upstream of the first connector.	Network object type: Static Vehicle Routing Decision	Network object keys: 7
                  Warning	Static Vehicle Routing Decision 9: Roundabout Central - Nort Approach LDV is located only 33.707 m upstream of the first connector.	Network object type: Static Vehicle Routing Decision	Network object keys: 9
                  Warning	Static Vehicle Routing Decision 10: Roundabout Central - Nort Approach HDV and LDV Port is located only 33.707 m upstream of the first connector.	Network object type: Static Vehicle Routing Decision	Network object keys: 10
                  Warning	Static Vehicle Routing Decision 13: Roundabout Central - East Approach LDV is located only 17.040 m upstream of the first connector.	Network object type: Static Vehicle Routing Decision	Network object keys: 13
                  Warning	Static Vehicle Routing Decision 14: Roundabout Central - East Approach HDV and LDV Port is located only 13.866 m upstream of the first connector.	Network object type: Static Vehicle Routing Decision	Network object keys: 14
                  Warning	Static Vehicle Routing Decision 15: Roundabout Central - East Approach Gafanha da Nazaré is located only 12.441 m upstream of the first connector.	Network object type: Static Vehicle Routing Decision	Network object keys: 15
                  Warning	Static Vehicle Routing Decision 16: Roundabout South - South Approach LDV is located only 3.617 m upstream of the first connector.	Network object type: Static Vehicle Routing Decision	Network object keys: 16
                  Warning	Static Vehicle Routing Decision 17: Roundabout South - South Approach HDV and LDV Port is located only 3.617 m upstream of the first connector.	Network object type: Static Vehicle Routing Decision	Network object keys: 17
                  Warning	Static Vehicle Routing Decision 19: Roundabout South - Nort Approach is located only 3.855 m upstream of the first connector.	Network object type: Static Vehicle Routing Decision	Network object keys: 19
                  Warning	Static Vehicle Routing Decision 20: Roudabout Centre - West Approach LDV is located only 11.569 m upstream of the first connector.	Network object type: Static Vehicle Routing Decision	Network object keys: 20
                  Warning	Static Vehicle Routing Decision 21: Roudabout Centre - West Approach HDV and LDV Port is located only 11.569 m upstream of the first connector.	Network object type: Static Vehicle Routing Decision	Network object keys: 21
                  Warning	Static Vehicle Routing Decision 22: Roundabout Centre - East Approach LDV is located only 9.515 m upstream of the first connector.	Network object type: Static Vehicle Routing Decision	Network object keys: 22
                  Warning	Static Vehicle Routing Decision 23: Roundabout Centre - East Approach HDV and LDV Port is located only 11.246 m upstream of the first connector.	Network object type: Static Vehicle Routing Decision	Network object keys: 23
                  Warning	Static Vehicle Routing Decision 25: Roundabot TG - North Approach is located only 0.326 m upstream of the first connector.	Network object type: Static Vehicle Routing Decision	Network object keys: 25
                  Warning	Static Vehicle Routing Decision 26: Roundabout TG - West Approach LDV is located only 12.673 m upstream of the first connector.	Network object type: Static Vehicle Routing Decision	Network object keys: 26
                  Warning	Static Vehicle Routing Decision 27: Roundabout TG - West Approach HDV and LDV Port is located only 30.784 m upstream of the first connector.	Network object type: Static Vehicle Routing Decision	Network object keys: 27
                  Warning	Static Vehicle Routing Decision 28: Roundabout TG - South Approach Minor is located only 10.880 m upstream of the first connector.	Network object type: Static Vehicle Routing Decision	Network object keys: 28
                  Warning	Static Vehicle Routing Decision 29: Roundabout TG - South Approach Major LDV is located only 25.225 m upstream of the first connector.	Network object type: Static Vehicle Routing Decision	Network object keys: 29
                  Warning	Static Vehicle Routing Decision 30: Roundabout TG - South Approach Major HDV and LDV Port is located only 24.794 m upstream of the first connector.	Network object type: Static Vehicle Routing Decision	Network object keys: 30
                  Warning	Static Vehicle Routing Decision 193: Roundabout Prio - North Approach LDV is located only 1.471 m upstream of the first connector.	Network object type: Static Vehicle Routing Decision	Network object keys: 193
                  Warning	Static Vehicle Routing Decision 194: Roundabout Prio - South Approach LDV is located only 17.157 m upstream of the first connector.	Network object type: Static Vehicle Routing Decision	Network object keys: 194
                  Warning	Static Vehicle Routing Decision 196: Roundabout Prio - West Approach LDV is located only 22.345 m upstream of the first connector.	Network object type: Static Vehicle Routing Decision	Network object keys: 196
                  Warning	Static Vehicle Routing Decision 198: Roundabout Prio - East Approach LDV is located only 16.150 m upstream of the first connector.	Network object type: Static Vehicle Routing Decision	Network object keys: 198
                  Warning	Static Vehicle Routing Decision 241: Roundabout Prio Minor - North Approach is located only 2.404 m upstream of the first connector.	Network object type: Static Vehicle Routing Decision	Network object keys: 241
                  Warning	Static Vehicle Routing Decision 242: Roundabout Prio Minor - West Approach is located only 2.938 m upstream of the first connector.	Network object type: Static Vehicle Routing Decision	Network object keys: 242
                  Warning	Static Vehicle Routing Decision 245: Solid Bulk Acess West - Aveiro Port is located only 2.428 m upstream of the first connector.	Network object type: Static Vehicle Routing Decision	Network object keys: 245
                  Warning	Static Vehicle Routing Decision 246: Roundabout RoRO South Approach is located only 2.283 m upstream of the first connector.	Network object type: Static Vehicle Routing Decision	Network object keys: 246
                  Warning	Static Vehicle Routing Decision 248: Roundabout RoRO North Approach is located only 3.264 m upstream of the first connector.	Network object type: Static Vehicle Routing Decision	Network object keys: 248
                  Warning	Static Vehicle Routing Decision 249: Roundabout RoRO West Approach is located only 3.037 m upstream of the first connector.	Network object type: Static Vehicle Routing Decision	Network object keys: 249
                  Warning	Static Vehicle Routing Decision 253: Roundabout MultiPurpose - Southwest Aproach is located only 16.152 m upstream of the first connector.	Network object type: Static Vehicle Routing Decision	Network object keys: 253
                  Warning	Static Vehicle Routing Decision 254: Roundabout MultiPurpose - Southeast Aproach is located only 2.434 m upstream of the first connector.	Network object type: Static Vehicle Routing Decision	Network object keys: 254
                  Warning	Static Vehicle Routing Decision 255: Roundabout MultiPurpose - Northeast Aproach is located only 6.477 m upstream of the first connector.	Network object type: Static Vehicle Routing Decision	Network object keys: 255
                  Warning	Static Vehicle Routing Decision 256: Solid Bulk South West - Aveiro Port is located only 6.473 m upstream of the first connector.	Network object type: Static Vehicle Routing Decision	Network object keys: 256
                  Warning	Static Vehicle Routing Decision 257: TNorte Multipurpose 1 & 6 is located only 21.131 m upstream of the first connector.	Network object type: Static Vehicle Routing Decision	Network object keys: 257
                  Warning	Static Vehicle Routing Decision 258: TNorte Multipurpose 2 & 3 is located only 41.406 m upstream of the first connector.	Network object type: Static Vehicle Routing Decision	Network object keys: 258
                  Warning	Static Vehicle Routing Decision 260: TNorte Multipurpose 4,5,6,7,8,9 is located only 48.268 m upstream of the first connector.	Network object type: Static Vehicle Routing Decision	Network object keys: 260
                  Warning	Static Vehicle Routing Decision 261: TNorte Multipurpose 4 is located only 13.533 m upstream of the first connector.	Network object type: Static Vehicle Routing Decision	Network object keys: 261
                  Warning	Static Vehicle Routing Decision 262: TNorte Multipurpose 5,6,7,8,9 is located only 14.619 m upstream of the first connector.	Network object type: Static Vehicle Routing Decision	Network object keys: 262
                  Warning	Static Vehicle Routing Decision 263: TNorte Multipurpose 7 is located only 7.562 m upstream of the first connector.	Network object type: Static Vehicle Routing Decision	Network object keys: 263
                  Warning	Static Vehicle Routing Decision 264: TNorte Multipurpose 5,6,8,9 is located only 16.095 m upstream of the first connector.	Network object type: Static Vehicle Routing Decision	Network object keys: 264
                  Warning	Static Vehicle Routing Decision 265: TNorte Multipurpose 8,9 is located only 10.813 m upstream of the first connector.	Network object type: Static Vehicle Routing Decision	Network object keys: 265
                  Warning	Static Vehicle Routing Decision 267: TGS 10,11,12,13 is located only 7.083 m upstream of the first connector.	Network object type: Static Vehicle Routing Decision	Network object keys: 267
                  Warning	Static Vehicle Routing Decision 268: TGS 10,11,12 is located only 7.755 m upstream of the first connector.	Network object type: Static Vehicle Routing Decision	Network object keys: 268
                  Warning	Static Vehicle Routing Decision 270: Port Pesca 1 is located only 8.218 m upstream of the first connector.	Network object type: Static Vehicle Routing Decision	Network object keys: 270
                  Warning	Static Vehicle Routing Decision 271: Port Pesca 2 is located only 6.574 m upstream of the first connector.	Network object type: Static Vehicle Routing Decision	Network object keys: 271
                  Warning	Static Vehicle Routing Decision 273: Port Pesca 4 is located only 5.490 m upstream of the first connector.	Network object type: Static Vehicle Routing Decision	Network object keys: 273
                  Warning	Static Vehicle Routing Decision 274: Port Pesca 5 is located only 27.038 m upstream of the first connector.	Network object type: Static Vehicle Routing Decision	Network object keys: 274
                  Warning	Static Vehicle Routing Decision 275: Port Pesca 6 is located only 35.643 m upstream of the first connector.	Network object type: Static Vehicle Routing Decision	Network object keys: 275
                  Warning	Static Vehicle Routing Decision 276: Multipurpose is located only 4.481 m upstream of the first connector.	Network object type: Static Vehicle Routing Decision	Network object keys: 276
                  Warning	Static Vehicle Routing Decision 277: TNorte is located only 5.053 m upstream of the first connector.	Network object type: Static Vehicle Routing Decision	Network object keys: 277
                  Warning	Static Vehicle Routing Decision 279: TNortex is located only 9.915 m upstream of the first connector.	Network object type: Static Vehicle Routing Decision	Network object keys: 279
                  Warning	Static Vehicle Routing Decision 283: TRo-ro4 is located only 9.722 m upstream of the first connector.	Network object type: Static Vehicle Routing Decision	Network object keys: 283
                  Warning	Static Vehicle Routing Decision 284: TRo-ro5 is located only 13.653 m upstream of the first connector.	Network object type: Static Vehicle Routing Decision	Network object keys: 284
                  Warning	Static Vehicle Routing Decision 287: TRo-ro8 is located only 8.481 m upstream of the first connector.	Network object type: Static Vehicle Routing Decision	Network object keys: 287
                  Warning	Static Vehicle Routing Decision 288: TRo-ro9 is located only 9.545 m upstream of the first connector.	Network object type: Static Vehicle Routing Decision	Network object keys: 288
                  Warning	Static Vehicle Routing Decision 289: TNorte Return is located only 13.670 m upstream of the first connector.	Network object type: Static Vehicle Routing Decision	Network object keys: 289
                  Warning	Static Vehicle Routing Decision 292: TNorte 61 is located only 15.197 m upstream of the first connector.	Network object type: Static Vehicle Routing Decision	Network object keys: 292
                  Warning	Static Vehicle Routing Decision 293: TNorte 3 is located only 18.104 m upstream of the first connector.	Network object type: Static Vehicle Routing Decision	Network object keys: 293
                  Warning	Static Vehicle Routing Decision 295: TNorte 2Exit is located only 18.946 m upstream of the first connector.	Network object type: Static Vehicle Routing Decision	Network object keys: 295
                  Warning	Static Vehicle Routing Decision 297: TNorte 7 is located only 5.617 m upstream of the first connector.	Network object type: Static Vehicle Routing Decision	Network object keys: 297
                  Warning	Static Vehicle Routing Decision 298: TNorte 8 is located only 10.599 m upstream of the first connector.	Network object type: Static Vehicle Routing Decision	Network object keys: 298
                  Warning	Static Vehicle Routing Decision 299: TNorte 9 is located only 7.476 m upstream of the first connector.	Network object type: Static Vehicle Routing Decision	Network object keys: 299
                  Warning	Static Vehicle Routing Decision 300: TNorte 10 is located only 6.527 m upstream of the first connector.	Network object type: Static Vehicle Routing Decision	Network object keys: 300
                  Warning	Static Vehicle Routing Decision 302: TNorte Park 1 is located only 10.069 m upstream of the first connector.	Network object type: Static Vehicle Routing Decision	Network object keys: 302
                  Warning	Static Vehicle Routing Decision 303: TNorte Park 2 is located only 3.191 m upstream of the first connector.	Network object type: Static Vehicle Routing Decision	Network object keys: 303
                  Warning	Static Vehicle Routing Decision 304: Roundabout South - Nort Approach HDV and LDV Port is located only 3.855 m upstream of the first connector.	Network object type: Static Vehicle Routing Decision	Network object keys: 304
                  Warning	Static Vehicle Routing Decision 305: TGL Rounabout Entrance is located only 8.107 m upstream of the first connector.	Network object type: Static Vehicle Routing Decision	Network object keys: 305
                  Warning	Static Vehicle Routing Decision 306: TGL 1 is located only 34.996 m upstream of the first connector.	Network object type: Static Vehicle Routing Decision	Network object keys: 306
                  Warning	Static Vehicle Routing Decision 307: TGL 2 is located only 36.523 m upstream of the first connector.	Network object type: Static Vehicle Routing Decision	Network object keys: 307
                  Warning	Static Vehicle Routing Decision 309: TNorte Docks is located only 13.381 m upstream of the first connector.	Network object type: Static Vehicle Routing Decision	Network object keys: 309
                  Warning	Static Vehicle Routing Decision 310: TGS Exit is located only 30.207 m upstream of the first connector.	Network object type: Static Vehicle Routing Decision	Network object keys: 310
                  Warning	The parking lot routing decision "8: TGL 2" is not located on a static or partial route. This can cause vehicles leaving a parking lot to leave the network unexpectedly because they do not get a new route.	Network object type: Parking Routing Decision	Network object keys: 8
                  Warning	The parking lot routing decision "9: TGL 3" is not located on a static or partial route. This can cause vehicles leaving a parking lot to leave the network unexpectedly because they do not get a new route.	Network object type: Parking Routing Decision	Network object keys: 9
                  Warning	The parking lot routing decision "12: Multipurpose 2" is not located on a static or partial route. This can cause vehicles leaving a parking lot to leave the network unexpectedly because they do not get a new route.	Network object type: Parking Routing Decision	Network object keys: 12
                  Warning	The parking lot routing decision "15: Ship Docks TGS" is not located on a static or partial route. This can cause vehicles leaving a parking lot to leave the network unexpectedly because they do not get a new route.	Network object type: Parking Routing Decision	Network object keys: 15
                  Warning	The parking lot routing decision "16: Ship Docks TGS" is not located on a static or partial route. This can cause vehicles leaving a parking lot to leave the network unexpectedly because they do not get a new route.	Network object type: Parking Routing Decision	Network object keys: 16
                  Warning	The complete length of the 2D/3D model "41: Tram - GT8-2S" has no passengers. The sections without passengers will be ignored. All passengers are distributed over the full vehicle length using the alighting location distribution at PT line stops. Check the attributes "Part without passengers (front)" und "Part without passengers (rear)" at the 2D/3D model segments.	Network object type: 2D/3D Model	Network object keys: 41
                  Warning	The vehicle type "100: Light Duty Gasoline" is included in multiple vehicle classes which have different default driving behaviors assigned at link behavior types. This causes the selection of the driving behavior to be random. These are the affected link behavior types: "1: Rural Road SETUP".	Network object type: Vehicle Type	Network object keys: 100
                  Warning	The vehicle type "101: Light Duty Diesel" is included in multiple vehicle classes which have different default driving behaviors assigned at link behavior types. This causes the selection of the driving behavior to be random. These are the affected link behavior types: "1: Rural Road SETUP".	Network object type: Vehicle Type	Network object keys: 101
                  Warning	The vehicle type "102: Light Duty Hybrid" is included in multiple vehicle classes which have different default driving behaviors assigned at link behavior types. This causes the selection of the driving behavior to be random. These are the affected link behavior types: "1: Rural Road SETUP".	Network object type: Vehicle Type	Network object keys: 102
                  Warning	The vehicle type "103: Light Duty PHEV" is included in multiple vehicle classes which have different default driving behaviors assigned at link behavior types. This causes the selection of the driving behavior to be random. These are the affected link behavior types: "1: Rural Road SETUP".	Network object type: Vehicle Type	Network object keys: 103
                  Warning	The vehicle type "104: Light Duty Electric" is included in multiple vehicle classes which have different default driving behaviors assigned at link behavior types. This causes the selection of the driving behavior to be random. These are the affected link behavior types: "1: Rural Road SETUP".	Network object type: Vehicle Type	Network object keys: 104
                  Warning	The vehicle type "200: HDV" is included in multiple vehicle classes which have different default driving behaviors assigned at link behavior types. This causes the selection of the driving behavior to be random. These are the affected link behavior types: "1: Rural Road SETUP".	Network object type: Vehicle Type	Network object keys: 200
                  Warning	The vehicle type "201: HDV Circular" is included in multiple vehicle classes which have different default driving behaviors assigned at link behavior types. This causes the selection of the driving behavior to be random. These are the affected link behavior types: "1: Rural Road SETUP".	Network object type: Vehicle Type	Network object keys: 201
                  Warning	The vehicle type "202: HDV Containers" is included in multiple vehicle classes which have different default driving behaviors assigned at link behavior types. This causes the selection of the driving behavior to be random. These are the affected link behavior types: "1: Rural Road SETUP".	Network object type: Vehicle Type	Network object keys: 202
                  Warning	The start point of link "29: TNorte 8" has a radius. Radii at start points of links (not connectors) are ignored.	Network object type: Link	Network object keys: 29
                  Warning	Vehicle type "1178: Reach Stackers" is not assigned to any vehicle class.	Network object type: Vehicle Type	Network object keys: 1178
                  Warning	Vehicle type "1179: Loaders" is not assigned to any vehicle class.	Network object type: Vehicle Type	Network object keys: 1179
                  Warning	Vehicle type "1180: Sweeper" is not assigned to any vehicle class.	Network object type: Vehicle Type	Network object keys: 1180
